running egg_info
creating ../../build/simple_sanding/simple_sanding.egg-info
writing ../../build/simple_sanding/simple_sanding.egg-info/PKG-INFO
writing dependency_links to ../../build/simple_sanding/simple_sanding.egg-info/dependency_links.txt
writing entry points to ../../build/simple_sanding/simple_sanding.egg-info/entry_points.txt
writing requirements to ../../build/simple_sanding/simple_sanding.egg-info/requires.txt
writing top-level names to ../../build/simple_sanding/simple_sanding.egg-info/top_level.txt
writing manifest file '../../build/simple_sanding/simple_sanding.egg-info/SOURCES.txt'
reading manifest file '../../build/simple_sanding/simple_sanding.egg-info/SOURCES.txt'
writing manifest file '../../build/simple_sanding/simple_sanding.egg-info/SOURCES.txt'
running build
running build_py
creating /home/rokey/cobot3_ws/build/simple_sanding/build
creating /home/rokey/cobot3_ws/build/simple_sanding/build/lib
creating /home/rokey/cobot3_ws/build/simple_sanding/build/lib/simple_sanding
copying simple_sanding/__init__.py -> /home/rokey/cobot3_ws/build/simple_sanding/build/lib/simple_sanding
copying simple_sanding/sanding_node.py -> /home/rokey/cobot3_ws/build/simple_sanding/build/lib/simple_sanding
running install
running install_lib
creating /home/rokey/cobot3_ws/install/simple_sanding/lib/python3.10/site-packages/simple_sanding
copying /home/rokey/cobot3_ws/build/simple_sanding/build/lib/simple_sanding/__init__.py -> /home/rokey/cobot3_ws/install/simple_sanding/lib/python3.10/site-packages/simple_sanding
copying /home/rokey/cobot3_ws/build/simple_sanding/build/lib/simple_sanding/sanding_node.py -> /home/rokey/cobot3_ws/install/simple_sanding/lib/python3.10/site-packages/simple_sanding
byte-compiling /home/rokey/cobot3_ws/install/simple_sanding/lib/python3.10/site-packages/simple_sanding/__init__.py to __init__.cpython-310.pyc
byte-compiling /home/rokey/cobot3_ws/install/simple_sanding/lib/python3.10/site-packages/simple_sanding/sanding_node.py to sanding_node.cpython-310.pyc
running install_data
creating /home/rokey/cobot3_ws/install/simple_sanding/share/ament_index
creating /home/rokey/cobot3_ws/install/simple_sanding/share/ament_index/resource_index
creating /home/rokey/cobot3_ws/install/simple_sanding/share/ament_index/resource_index/packages
copying resource/simple_sanding -> /home/rokey/cobot3_ws/install/simple_sanding/share/ament_index/resource_index/packages
copying package.xml -> /home/rokey/cobot3_ws/install/simple_sanding/share/simple_sanding
running install_egg_info
Copying ../../build/simple_sanding/simple_sanding.egg-info to /home/rokey/cobot3_ws/install/simple_sanding/lib/python3.10/site-packages/simple_sanding-0.0.0-py3.10.egg-info
running install_scripts
Installing run_sanding script to /home/rokey/cobot3_ws/install/simple_sanding/lib/simple_sanding
writing list of installed files to '/home/rokey/cobot3_ws/build/simple_sanding/install.log'
