[0.238s] Invoking command in '/home/rokey/cobot3_ws/src/simple_sanding': PYTHONPATH=/home/rokey/cobot3_ws/build/simple_sanding/prefix_override:/usr/lib/python3/dist-packages/colcon_core/task/python/colcon_distutils_commands:/home/rokey/cobot3_ws/install/simple_sanding/lib/python3.10/site-packages:${PYTHONPATH} /usr/bin/python3 -W ignore:setup.py install is deprecated -W ignore:easy_install command is deprecated setup.py egg_info --egg-base ../../build/simple_sanding build --build-base /home/rokey/cobot3_ws/build/simple_sanding/build install --record /home/rokey/cobot3_ws/build/simple_sanding/install.log --single-version-externally-managed install_data
[0.330s] running egg_info
[0.330s] creating ../../build/simple_sanding/simple_sanding.egg-info
[0.330s] writing ../../build/simple_sanding/simple_sanding.egg-info/PKG-INFO
[0.330s] writing dependency_links to ../../build/simple_sanding/simple_sanding.egg-info/dependency_links.txt
[0.330s] writing entry points to ../../build/simple_sanding/simple_sanding.egg-info/entry_points.txt
[0.330s] writing requirements to ../../build/simple_sanding/simple_sanding.egg-info/requires.txt
[0.330s] writing top-level names to ../../build/simple_sanding/simple_sanding.egg-info/top_level.txt
[0.330s] writing manifest file '../../build/simple_sanding/simple_sanding.egg-info/SOURCES.txt'
[0.330s] reading manifest file '../../build/simple_sanding/simple_sanding.egg-info/SOURCES.txt'
[0.331s] writing manifest file '../../build/simple_sanding/simple_sanding.egg-info/SOURCES.txt'
[0.331s] running build
[0.331s] running build_py
[0.331s] creating /home/rokey/cobot3_ws/build/simple_sanding/build
[0.331s] creating /home/rokey/cobot3_ws/build/simple_sanding/build/lib
[0.331s] creating /home/rokey/cobot3_ws/build/simple_sanding/build/lib/simple_sanding
[0.331s] copying simple_sanding/__init__.py -> /home/rokey/cobot3_ws/build/simple_sanding/build/lib/simple_sanding
[0.332s] copying simple_sanding/sanding_node.py -> /home/rokey/cobot3_ws/build/simple_sanding/build/lib/simple_sanding
[0.332s] running install
[0.332s] running install_lib
[0.332s] creating /home/rokey/cobot3_ws/install/simple_sanding/lib/python3.10/site-packages/simple_sanding
[0.332s] copying /home/rokey/cobot3_ws/build/simple_sanding/build/lib/simple_sanding/__init__.py -> /home/rokey/cobot3_ws/install/simple_sanding/lib/python3.10/site-packages/simple_sanding
[0.332s] copying /home/rokey/cobot3_ws/build/simple_sanding/build/lib/simple_sanding/sanding_node.py -> /home/rokey/cobot3_ws/install/simple_sanding/lib/python3.10/site-packages/simple_sanding
[0.332s] byte-compiling /home/rokey/cobot3_ws/install/simple_sanding/lib/python3.10/site-packages/simple_sanding/__init__.py to __init__.cpython-310.pyc
[0.332s] byte-compiling /home/rokey/cobot3_ws/install/simple_sanding/lib/python3.10/site-packages/simple_sanding/sanding_node.py to sanding_node.cpython-310.pyc
[0.332s] running install_data
[0.332s] creating /home/rokey/cobot3_ws/install/simple_sanding/share/ament_index
[0.332s] creating /home/rokey/cobot3_ws/install/simple_sanding/share/ament_index/resource_index
[0.332s] creating /home/rokey/cobot3_ws/install/simple_sanding/share/ament_index/resource_index/packages
[0.332s] copying resource/simple_sanding -> /home/rokey/cobot3_ws/install/simple_sanding/share/ament_index/resource_index/packages
[0.332s] copying package.xml -> /home/rokey/cobot3_ws/install/simple_sanding/share/simple_sanding
[0.332s] running install_egg_info
[0.333s] Copying ../../build/simple_sanding/simple_sanding.egg-info to /home/rokey/cobot3_ws/install/simple_sanding/lib/python3.10/site-packages/simple_sanding-0.0.0-py3.10.egg-info
[0.334s] running install_scripts
[0.343s] Installing run_sanding script to /home/rokey/cobot3_ws/install/simple_sanding/lib/simple_sanding
[0.343s] writing list of installed files to '/home/rokey/cobot3_ws/build/simple_sanding/install.log'
[0.354s] Invoked command in '/home/rokey/cobot3_ws/src/simple_sanding' returned '0': PYTHONPATH=/home/rokey/cobot3_ws/build/simple_sanding/prefix_override:/usr/lib/python3/dist-packages/colcon_core/task/python/colcon_distutils_commands:/home/rokey/cobot3_ws/install/simple_sanding/lib/python3.10/site-packages:${PYTHONPATH} /usr/bin/python3 -W ignore:setup.py install is deprecated -W ignore:easy_install command is deprecated setup.py egg_info --egg-base ../../build/simple_sanding build --build-base /home/rokey/cobot3_ws/build/simple_sanding/build install --record /home/rokey/cobot3_ws/build/simple_sanding/install.log --single-version-externally-managed install_data
