running egg_info
creating ../../build/sanding_control/sanding_control.egg-info
writing ../../build/sanding_control/sanding_control.egg-info/PKG-INFO
writing dependency_links to ../../build/sanding_control/sanding_control.egg-info/dependency_links.txt
writing entry points to ../../build/sanding_control/sanding_control.egg-info/entry_points.txt
writing requirements to ../../build/sanding_control/sanding_control.egg-info/requires.txt
writing top-level names to ../../build/sanding_control/sanding_control.egg-info/top_level.txt
writing manifest file '../../build/sanding_control/sanding_control.egg-info/SOURCES.txt'
reading manifest file '../../build/sanding_control/sanding_control.egg-info/SOURCES.txt'
writing manifest file '../../build/sanding_control/sanding_control.egg-info/SOURCES.txt'
running build
running build_py
creating /home/rokey/cobot3_ws/build/sanding_control/build
creating /home/rokey/cobot3_ws/build/sanding_control/build/lib
creating /home/rokey/cobot3_ws/build/sanding_control/build/lib/sanding_control
copying sanding_control/__init__.py -> /home/rokey/cobot3_ws/build/sanding_control/build/lib/sanding_control
running install
running install_lib
creating /home/rokey/cobot3_ws/install/sanding_control/lib/python3.10/site-packages/sanding_control
copying /home/rokey/cobot3_ws/build/sanding_control/build/lib/sanding_control/__init__.py -> /home/rokey/cobot3_ws/install/sanding_control/lib/python3.10/site-packages/sanding_control
byte-compiling /home/rokey/cobot3_ws/install/sanding_control/lib/python3.10/site-packages/sanding_control/__init__.py to __init__.cpython-310.pyc
running install_data
creating /home/rokey/cobot3_ws/install/sanding_control/share/ament_index
creating /home/rokey/cobot3_ws/install/sanding_control/share/ament_index/resource_index
creating /home/rokey/cobot3_ws/install/sanding_control/share/ament_index/resource_index/packages
copying resource/sanding_control -> /home/rokey/cobot3_ws/install/sanding_control/share/ament_index/resource_index/packages
copying package.xml -> /home/rokey/cobot3_ws/install/sanding_control/share/sanding_control
running install_egg_info
Copying ../../build/sanding_control/sanding_control.egg-info to /home/rokey/cobot3_ws/install/sanding_control/lib/python3.10/site-packages/sanding_control-0.0.0-py3.10.egg-info
running install_scripts
Installing simple_sanding_planner script to /home/rokey/cobot3_ws/install/sanding_control/lib/sanding_control
writing list of installed files to '/home/rokey/cobot3_ws/build/sanding_control/install.log'
