MESA: warning: Driver does not support the 0x7d67 PCI ID.
MESA: warning: Driver does not support the 0x7d67 PCI ID.
[Info] [carb] Logging to file: /home/rokey/.cache/packman/chk/kit-kernel/107.3.3+isaac.229672.69cbf6ad.gl.manylinux_2_35_x86_64.release/logs/Kit/Isaac-Sim Python/5.1/kit_20260622_211050.log
[0.036s] [ext: omni.kit.async_engine-0.0.3] startup
[0.221s] [ext: omni.metrics.core-0.0.3] startup
[0.221s] [ext: omni.client.lib-1.1.0] startup
[0.229s] [ext: omni.blobkey-1.1.2] startup
[0.229s] [ext: omni.stats-1.0.1] startup
[0.230s] [ext: omni.datastore-0.0.0] startup
[0.234s] [ext: omni.client-1.3.0] startup
[0.289s] [ext: omni.ujitso.default-1.0.0] startup
[0.290s] [ext: omni.hsscclient-1.1.2] startup
[0.292s] [ext: omni.gpu_foundation.shadercache.vulkan-1.0.0] startup
[0.295s] [ext: omni.assets.plugins-0.0.0] startup
[0.295s] [ext: omni.gpu_foundation-0.0.0] startup
[0.300s] [ext: carb.windowing.plugins-1.0.0] startup
[0.304s] [ext: omni.kit.renderer.init-0.0.0] startup

|---------------------------------------------------------------------------------------------|
| Driver Version: 580.159.03    | Graphics API: Vulkan
|=============================================================================================|
| GPU | Name                             | Active | LDA | GPU Memory | Vendor-ID | LUID       |
|     |                                  |        |     |            | Device-ID | UUID       |
|     |                                  |        |     |            | Bus-ID    |            |
|---------------------------------------------------------------------------------------------|
| 0   | NVIDIA GeForce RTX 5080 Laptop.. | Yes: 0 |     | 16303   MB | 10de      | 0          |
|     |                                  |        |     |            | 2c19      | 439ac439.. |
|     |                                  |        |     |            | 1         |            |
|=============================================================================================|
| OS: 22.04.5 LTS (Jammy Jellyfish) ubuntu, Version: 22.04.5, Kernel: 6.8.0-124-generic
| XServer Vendor: The X.Org Foundation, XServer Version: 12101004 (1.21.1.4)
| Processor: Intel(R) Core(TM) Ultra 9 275HX
| Cores: 24 | Logical Cores: 24
|---------------------------------------------------------------------------------------------|
| Total Memory (MB): 63706 | Free Memory: 21028
| Total Page/Swap (MB): 2047 | Free Page/Swap: 2047
|---------------------------------------------------------------------------------------------|
2026-06-22T12:10:51Z [1,326ms] [Warning] [gpu.foundation.plugin] CPU performance profile is set to powersave. This profile sets the CPU to the lowest frequency reducing performance.
2026-06-22T12:10:51Z [1,339ms] [Warning] [gpu.foundation.plugin] PCIe link width current (8) and maximum (16) for device 0 don't match.
2026-06-22T12:10:51Z [1,339ms] [Warning] [gpu.foundation.plugin] IOMMU is enabled.
[1.504s] [ext: omni.kit.pipapi-0.0.0] startup
[1.505s] [ext: omni.kit.pip_archive-0.0.0] startup
[1.505s] [ext: omni.pip.compute-1.6.3] startup
[1.505s] [ext: omni.materialx.libs-1.0.7] startup
[1.510s] [ext: omni.pip.cloud-1.4.3] startup
[1.512s] [ext: omni.isaac.core_archive-3.0.0] startup
[1.512s] [ext: omni.usd.config-1.0.6] startup
[1.514s] [ext: omni.gpucompute.plugins-0.0.0] startup
[1.515s] [ext: omni.usd.libs-1.0.1] startup
[1.564s] [ext: omni.kit.telemetry-0.5.2] startup
[1.580s] [ext: omni.mdl-56.0.3] startup
[1.643s] [ext: omni.iray.libs-0.0.0] startup
[1.650s] [ext: omni.mdl.neuraylib-0.2.12] startup
[1.652s] [ext: omni.kit.usd.mdl-1.1.5] startup
[1.729s] [ext: omni.isaac.ml_archive-3.0.4] startup
[1.730s] [ext: omni.kit.loop-isaac-1.3.7] startup
[1.731s] [ext: omni.kit.test-2.0.1] startup
[1.763s] [ext: omni.appwindow-1.1.10] startup
[1.765s] [ext: omni.kit.renderer.core-1.1.0] startup
[2.246s] [ext: omni.kit.renderer.capture-0.0.0] startup
[2.248s] [ext: omni.kit.renderer.imgui-2.0.5] startup
[2.479s] [ext: omni.ui-2.27.1] startup
[2.485s] [ext: omni.kit.mainwindow-1.0.3] startup
[2.486s] [ext: carb.audio-0.1.0] startup
[2.488s] [ext: omni.uiaudio-1.0.0] startup
[2.489s] [ext: omni.kit.uiapp-0.0.0] startup
[2.489s] [ext: omni.usd.schema.metrics.assembler-107.3.1] startup
[2.490s] [ext: omni.usd.schema.audio-0.0.0] startup
[2.492s] [ext: omni.anim.graph.schema-107.3.3] startup
[2.499s] [ext: omni.usd_resolver-1.0.0] startup
[2.501s] [ext: omni.usd.core-1.5.3] startup
[2.502s] [ext: omni.usd.schema.render_settings.rtx-0.0.0] startup
[2.517s] [ext: omni.usd.schema.semantics-0.0.0] startup
[2.518s] [ext: isaacsim.robot.schema-3.6.0] startup
[2.523s] [ext: omni.usd.schema.geospatial-0.0.0] startup
[2.524s] [ext: omni.usd.schema.anim-0.0.0] startup
[2.533s] [ext: omni.kit.window.popup_dialog-2.0.24] startup
[2.535s] [ext: usdrt.scenegraph-7.6.1] startup
[2.559s] [ext: omni.timeline-1.0.14] startup
[2.560s] [ext: omni.resourcemonitor-107.0.1] startup
[2.561s] [ext: omni.activity.core-1.0.3] startup
[2.561s] [ext: omni.kit.widget.nucleus_connector-2.0.1] startup
[2.563s] [ext: omni.hydra.usdrt_delegate-7.5.1] startup
[2.566s] [ext: omni.kit.actions.core-1.0.0] startup
[2.577s] [ext: omni.graph.exec-0.9.6] startup
[2.577s] [ext: omni.kit.commands-1.4.10] startup
[2.579s] [ext: omni.kit.usd_undo-0.1.8] startup
[2.580s] [ext: omni.kit.exec.core-0.13.4] startup
[2.581s] [ext: omni.kit.audiodeviceenum-1.0.2] startup
[2.581s] [ext: omni.hydra.scene_delegate-0.3.4] startup
[2.584s] [ext: omni.usd-1.13.10] startup
[2.608s] [ext: omni.kit.asset_converter-5.0.17] startup
[2.634s] [ext: omni.usd.schema.flow-107.1.1] startup
[2.634s] [ext: omni.usd.schema.omnigraph-1.0.0] startup
[2.640s] [ext: omni.usd.schema.omni_sensors-0.0.0] startup
[2.640s] [ext: omni.anim.navigation.schema-107.3.3] startup
[2.642s] [ext: omni.inspect-1.0.2] startup
[2.643s] [ext: omni.kit.notification_manager-1.0.10] startup
[2.644s] [ext: omni.graph.core-2.184.5] startup
[2.646s] [ext: isaacsim.core.deprecation_manager-0.2.7] startup
[2.646s] [ext: omni.usd.schema.physx-107.3.26] startup
[2.669s] [ext: omni.usd.schema.isaac-3.0.5] startup
[2.669s] [ext: omni.usd.schema.omniscripting-1.0.0] startup
[2.672s] [ext: omni.usd.schema.omni_lens_distortion-0.0.0] startup
[2.672s] [ext: omni.kvdb-107.3.26] startup
[2.673s] [ext: omni.usdphysics-107.3.26] startup
[2.674s] [ext: omni.physx.foundation-107.3.26] startup
[2.676s] [ext: omni.localcache-107.3.26] startup
[2.676s] [ext: omni.convexdecomposition-107.3.26] startup
[2.678s] [ext: omni.physx.cooking-107.3.26] startup
[2.680s] [ext: omni.physx-107.3.26] startup
[2.687s] [ext: omni.physics-107.3.26] startup
[2.689s] [ext: omni.kit.usd.layers-2.2.11] startup
[2.693s] [ext: omni.physics.physx-107.3.26] startup
2026-06-22T12:10:52Z [2,681ms] [Warning] [carb] Acquiring non optional plugin interface which is not listed as dependency: [omni::physx::IPhysxBenchmarks v1.0] (plugin: <default plugin>), by client: omni.physics.physx.plugin. Add it to CARB_PLUGIN_IMPL_DEPS() macro of a client.
[2.694s] [ext: omni.physics.stageupdate-107.3.26] startup
[2.696s] [ext: omni.kit.numpy.common-0.1.3] startup
[2.697s] [ext: isaacsim.core.version-2.0.6] startup
[2.697s] [ext: omni.isaac.dynamic_control-2.0.7] startup
2026-06-22T12:10:52Z [2,687ms] [Warning] [omni.isaac.dynamic_control] omni.isaac.dynamic_control is deprecated as of Isaac Sim 4.5. No action is needed from end-users.
[2.701s] [ext: isaacsim.storage.native-1.5.1] startup
[2.702s] [ext: omni.kit.menu.core-1.1.2] startup
[2.702s] [ext: omni.kit.helper.file_utils-0.1.9] startup
[2.703s] [ext: omni.usd.metrics.assembler-107.3.1] startup
[2.708s] [ext: omni.kit.widget.context_menu-1.2.5] startup
[2.709s] [ext: omni.warp.core-1.8.2] startup
[2.840s] [ext: omni.usd.metrics.assembler.physics-107.3.26] startup
[2.842s] [ext: omni.physics.tensors-107.3.26] startup
[2.845s] [ext: omni.kit.context_menu-1.8.6] startup
[2.847s] [ext: omni.kit.clipboard-1.0.5] startup
[2.847s] [ext: isaacsim.core.utils-3.5.1] startup
[2.849s] [ext: omni.kit.widget.filebrowser-2.12.3] startup
[2.852s] [ext: omni.kit.widget.options_menu-1.1.6] startup
[2.853s] [ext: omni.kit.widget.path_field-2.0.11] startup
[2.854s] [ext: omni.index.libs-380600.8087.0] startup
[2.854s] [ext: omni.ui.scene-1.11.5] startup
[2.857s] [ext: omni.kit.widget.options_button-1.0.3] startup
[2.858s] [ext: omni.kit.widget.browser_bar-2.0.10] startup
[2.858s] [ext: omni.index-1.0.1] startup
[2.858s] [ext: omni.hydra.rtx.shadercache.vulkan-1.0.0] startup
[2.859s] [ext: omni.kit.window.filepicker-2.13.4] startup
[2.868s] [ext: omni.volume-0.5.2] startup
[2.870s] [ext: omni.ujitso.client-0.0.0] startup
[2.870s] [ext: omni.graph.tools-1.79.2] startup
[2.884s] [ext: omni.graph.image.core-0.6.1] startup
[2.885s] [ext: omni.hydra.rtx-1.0.0] startup
2026-06-22T12:10:53Z [2,884ms] [Warning] [omni.log] Source: omni.hydra was already registered.
[2.906s] [ext: omni.kit.window.file_importer-1.1.18] startup
[2.908s] [ext: omni.kit.menu.utils-2.0.5] startup
[2.913s] [ext: omni.graph.image.nodes-1.3.1] startup
[2.914s] [ext: omni.kit.widget.searchable_combobox-1.0.6] startup
[2.915s] [ext: omni.kit.hydra_texture-1.4.6] startup
[2.917s] [ext: omni.kit.material.library-2.0.7] startup
[2.920s] [ext: omni.hydra.engine.stats-1.0.3] startup
[2.921s] [ext: omni.kit.viewport.scene_camera_model-1.0.6] startup
[2.923s] [ext: omni.kit.widget.settings-1.2.6] startup
[2.925s] [ext: omni.kit.viewport.legacy_gizmos-1.0.19] startup
[2.927s] [ext: omni.kit.widget.viewport-107.1.3] startup
[2.931s] [ext: omni.kit.viewport.registry-104.0.6] startup
[2.931s] [ext: omni.kit.raycast.query-1.1.0] startup
[2.934s] [ext: omni.physx.tensors-107.3.26] startup
[3.025s] [ext: omni.kit.window.drop_support-1.0.5] startup
[3.026s] [ext: omni.kit.primitive.mesh-1.0.17] startup
[3.028s] [ext: omni.kit.viewport.window-107.2.0] startup
[3.040s] [ext: omni.kit.window.preferences-1.8.0] startup
[3.044s] [ext: isaacsim.core.simulation_manager-1.4.4] startup
[4.006s] [ext: omni.graph.action_core-1.1.7] startup
[4.007s] [ext: omni.graph-1.141.2] startup
[4.035s] [ext: omni.kit.viewport.utility-1.1.2] startup
[4.035s] [ext: omni.kit.viewport.menubar.core-107.2.1] startup
[4.044s] [ext: isaacsim.core.prims-0.6.1] startup
[4.062s] [ext: omni.graph.action_nodes-1.50.4] startup
[4.066s] [ext: omni.kit.stage_template.core-1.1.22] startup
[4.070s] [ext: omni.syntheticdata-0.6.13] startup
[4.090s] [ext: omni.graph.nodes-1.170.10] startup
[4.099s] [ext: omni.graph.action-1.130.0] startup
[4.108s] [ext: omni.kit.stage_templates-2.0.0] startup
[4.119s] [ext: omni.kit.widget.filter-1.1.4] startup
[4.128s] [ext: omni.kit.widget.graph-2.0.0] startup
[4.142s] [ext: omni.kit.property.adapter.core-1.0.2] startup
[4.144s] [ext: omni.kit.window.file_exporter-1.0.33] startup
[4.146s] [ext: omni.kit.widget.searchfield-1.1.8] startup
[4.147s] [ext: omni.kit.hotkeys.core-1.3.10] startup
[4.148s] [ext: omni.kit.graph.delegate.default-1.2.3] startup
[4.148s] [ext: omni.kit.property.adapter.fabric-1.0.3] startup
[4.150s] [ext: omni.kit.widget.stage-3.1.4] startup
[4.159s] [ext: omni.kit.property.adapter.usd-1.0.2] startup
[4.160s] [ext: omni.kit.graph.editor.core-1.5.3] startup
[4.162s] [ext: omni.kit.widget.material_preview-1.0.16] startup
[4.164s] [ext: omni.kit.widget.highlight_label-1.0.3] startup
[4.164s] [ext: omni.kit.window.file-2.0.5] startup
[4.167s] [ext: omni.kit.window.content_browser_registry-0.0.6] startup
[4.168s] [ext: omni.kit.window.property-1.12.1] startup
[4.171s] [ext: omni.kit.window.content_browser-3.1.3] startup
[4.180s] [ext: omni.kit.graph.usd.commands-1.3.1] startup
[4.182s] [ext: omni.kit.property.usd-4.5.12] startup
[4.193s] [ext: omni.graph.ui_nodes-1.50.5] startup
[4.196s] [ext: omni.videoencoding-0.1.2] startup
[4.197s] [ext: omni.kit.window.material_graph-1.9.1] startup
[4.206s] [ext: omni.warp-1.8.2] startup
[4.210s] [ext: isaacsim.core.api-4.8.0] startup
[4.220s] [ext: omni.graph.scriptnode-1.50.0] startup
[4.224s] [ext: isaacsim.test.docstring-1.1.0] startup
[4.229s] [ext: isaacsim.core.experimental.utils-0.3.0] startup
[4.254s] [ext: omni.replicator.core-1.12.27] startup
2026-06-22T12:10:54Z [4,270ms] [Warning] [pxr.Semantics] pxr.Semantics is deprecated - please use Semantics instead
2026-06-22T12:10:54Z [4,448ms] [Warning] [omni.graph.core.plugin] Found duplicate of category 'Replicator' - was 'Annotators', adding 'Fabric Reader'
2026-06-22T12:10:54Z [4,448ms] [Warning] [omni.graph.core.plugin] Category 'Replicator' not accepted on node type 'omni.replicator.core.FabricReader' in extension 'omni.replicator.core'
2026-06-22T12:10:54Z [4,448ms] [Warning] [omni.replicator.core.scripts.extension] No material configuration file, adding configuration to material settings directly.
[4.464s] [ext: isaacsim.core.experimental.prims-0.8.1] startup
[4.494s] [ext: omni.kit.window.extensions-1.4.27] startup
[4.504s] [ext: isaacsim.core.experimental.objects-0.4.0] startup
[4.509s] [ext: omni.ui_query-1.1.8] startup
[4.512s] [ext: omni.kit.manipulator.viewport-107.0.1] startup
[4.513s] [ext: isaacsim.robot.surface_gripper-3.3.1] startup
[4.520s] [ext: omni.kit.ui_test-1.3.7] startup
[4.525s] [ext: omni.graph.visualization.nodes-2.1.3] startup
[4.558s] [ext: isaacsim.robot_motion.lula-4.0.8] startup
[4.564s] [ext: isaacsim.core.nodes-3.4.3] startup
[4.574s] [ext: isaacsim.gui.components-1.2.1] startup
[4.583s] [ext: isaacsim.robot_motion.motion_generation-8.0.26] startup
[4.604s] [ext: isaacsim.robot.manipulators-3.3.6] startup
[4.609s] [ext: isaacsim.core.experimental.materials-0.4.0] startup
[4.615s] [ext: isaacsim.robot.manipulators.examples-1.1.2] startup
[4.618s] [ext: isaacsim.cortex.framework-1.0.12] startup
[4.624s] [ext: isaacsim.cortex.behaviors-2.0.14] startup
[4.629s] [ext: omni.isaac.cortex.sample_behaviors-2.0.5] startup
2026-06-22T12:10:54Z [4,620ms] [Warning] [omni.isaac.cortex] omni.isaac.cortex has been deprecated in favor of isaacsim.cortex.framework. Please update your code accordingly.
2026-06-22T12:10:54Z [4,621ms] [Warning] [omni.isaac.cortex.sample_behaviors] omni.isaac.cortex.sample_behaviors has been deprecated in favor of isaacsim.cortex.behaviors. Please update your code accordingly.
[4.640s] [ext: omni.kit.widget.zoombar-1.0.6] startup
[4.652s] [ext: isaacsim.gui.content_browser-0.1.11] startup
[4.659s] [ext: omni.kit.browser.core-2.3.13] startup
[4.698s] [ext: omni.kit.widget.stage_icons-1.0.8] startup
[4.750s] [ext: omni.kit.widget.prompt-1.0.7] startup
[4.766s] [ext: omni.kit.usd.collect-2.4.5] startup
[4.784s] [ext: omni.kit.browser.folder.core-1.10.9] startup
[4.860s] [ext: omni.kit.window.stage-2.6.1] startup
[4.972s] [ext: omni.kit.usdz_export-1.0.9] startup
[4.976s] [ext: omni.kit.tool.collect-2.2.18] startup
[4.983s] [ext: omni.kit.menu.stage-1.2.7] startup
[4.984s] [ext: omni.kit.tool.asset_importer-4.3.2] startup
[4.990s] [ext: isaacsim.robot.wheeled_robots-4.0.24] startup
[5.001s] [ext: isaacsim.examples.browser-0.2.1] startup
[5.006s] [ext: isaacsim.asset.importer.urdf-2.4.30] startup
[5.292s] [ext: omni.isaac.wheeled_robots-3.0.7] startup
2026-06-22T12:10:55Z [5,281ms] [Warning] [omni.isaac.wheeled_robots] omni.isaac.wheeled_robots has been deprecated in favor of isaacsim.robot.wheeled_robots. Please update your code accordingly.
2026-06-22T12:10:55Z [5,282ms] [Warning] [omni.isaac.wheeled_robots.controllers] omni.isaac.wheeled_robots has been deprecated in favor of isaacsim.robot.wheeled_robots. Please update your code accordingly.
2026-06-22T12:10:55Z [5,282ms] [Warning] [omni.isaac.wheeled_robots.controllers.ackermann_controller] omni.isaac.wheeled_robots has been deprecated in favor of isaacsim.robot.wheeled_robots. Please update your code accordingly.
2026-06-22T12:10:55Z [5,282ms] [Warning] [omni.isaac.wheeled_robots.controllers.differential_controller] omni.isaac.wheeled_robots has been deprecated in favor of isaacsim.robot.wheeled_robots. Please update your code accordingly.
2026-06-22T12:10:55Z [5,282ms] [Warning] [omni.isaac.wheeled_robots.controllers.holonomic_controller] omni.isaac.wheeled_robots has been deprecated in favor of isaacsim.robot.wheeled_robots. Please update your code accordingly.
2026-06-22T12:10:55Z [5,282ms] [Warning] [omni.isaac.wheeled_robots.controllers.quintic_path_planner] omni.isaac.wheeled_robots has been deprecated in favor of isaacsim.robot.wheeled_robots. Please update your code accordingly.
2026-06-22T12:10:55Z [5,282ms] [Warning] [omni.isaac.wheeled_robots.controllers.stanley_control] omni.isaac.wheeled_robots has been deprecated in favor of isaacsim.robot.wheeled_robots. Please update your code accordingly.
2026-06-22T12:10:55Z [5,282ms] [Warning] [omni.isaac.wheeled_robots.controllers.wheel_base_pose_controller] omni.isaac.wheeled_robots has been deprecated in favor of isaacsim.robot.wheeled_robots. Please update your code accordingly.
2026-06-22T12:10:55Z [5,283ms] [Warning] [omni.isaac.wheeled_robots.impl] omni.isaac.wheeled_robots has been deprecated in favor of isaacsim.robot.wheeled_robots. Please update your code accordingly.
2026-06-22T12:10:55Z [5,283ms] [Warning] [omni.isaac.wheeled_robots.robots] omni.isaac.wheeled_robots has been deprecated in favor of isaacsim.robot.wheeled_robots. Please update your code accordingly.
2026-06-22T12:10:55Z [5,283ms] [Warning] [omni.isaac.wheeled_robots.robots.holonomic_robot_usd_setup] omni.isaac.wheeled_robots has been deprecated in favor of isaacsim.robot.wheeled_robots. Please update your code accordingly.
2026-06-22T12:10:55Z [5,284ms] [Warning] [omni.isaac.wheeled_robots.robots.wheeled_robot] omni.isaac.wheeled_robots has been deprecated in favor of isaacsim.robot.wheeled_robots. Please update your code accordingly.
[5.299s] [ext: isaacsim.simulation_app-2.12.2] startup
[5.302s] [ext: omni.isaac.franka-1.0.7] startup
2026-06-22T12:10:55Z [5,291ms] [Warning] [omni.isaac.franka] omni.isaac.franka has been deprecated in favor of isaacsim.robot.manipulators.examples.franka. Please update your code accordingly.
2026-06-22T12:10:55Z [5,291ms] [Warning] [omni.isaac.franka.franka] omni.isaac.franka has been deprecated in favor of isaacsim.robot.manipulators.examples.franka. Please update your code accordingly.
2026-06-22T12:10:55Z [5,304ms] [Warning] [omni.isaac.franka.kinematics_solver] omni.isaac.franka has been deprecated in favor of isaacsim.robot.manipulators.examples.franka. Please update your code accordingly.
[5.317s] [ext: omni.isaac.kit-2.0.6] startup
2026-06-22T12:10:55Z [5,306ms] [Warning] [omni.isaac.kit] omni.isaac.kit has been deprecated in favor of isaacsim.simulation_app. Please update your code accordingly.
[5.319s] [ext: omni.kit.selection-0.1.6] startup
[5.320s] [ext: omni.isaac.lula-4.0.6] startup
2026-06-22T12:10:55Z [5,308ms] [Warning] [omni.isaac.lula] omni.isaac.lula has been deprecated in favor of isaacsim.robot_motion.lula. Please update your code accordingly.
[5.321s] [ext: isaacsim.robot_motion.lula_test_widget-1.0.12] startup
[5.323s] [ext: isaacsim.asset.browser-1.3.23] startup
[5.365s] [ext: omni.kit.viewport.actions-107.0.2] startup
[5.369s] [ext: isaacsim.gui.menu-2.4.4] startup
[5.373s] [ext: omni.isaac.manipulators-3.0.7] startup
2026-06-22T12:10:55Z [5,362ms] [Warning] [omni.isaac.manipulators] omni.isaac.manipulators has been deprecated in favor of isaacsim.robot.manipulators. Please update your code accordingly.
2026-06-22T12:10:55Z [5,362ms] [Warning] [omni.isaac.manipulators.controllers] omni.isaac.manipulators has been deprecated in favor of isaacsim.robot.manipulators. Please update your code accordingly.
2026-06-22T12:10:55Z [5,362ms] [Warning] [omni.isaac.manipulators.controllers.pick_place_controller] omni.isaac.manipulators has been deprecated in favor of isaacsim.robot.manipulators. Please update your code accordingly.
2026-06-22T12:10:55Z [5,362ms] [Warning] [omni.isaac.manipulators.controllers.stacking_controller] omni.isaac.manipulators has been deprecated in favor of isaacsim.robot.manipulators. Please update your code accordingly.
2026-06-22T12:10:55Z [5,362ms] [Warning] [omni.isaac.manipulators.grippers] omni.isaac.manipulators has been deprecated in favor of isaacsim.robot.manipulators. Please update your code accordingly.
2026-06-22T12:10:55Z [5,362ms] [Warning] [omni.isaac.manipulators.grippers.gripper] omni.isaac.manipulators has been deprecated in favor of isaacsim.robot.manipulators. Please update your code accordingly.
2026-06-22T12:10:55Z [5,362ms] [Warning] [omni.isaac.manipulators.grippers.parallel_gripper] omni.isaac.manipulators has been deprecated in favor of isaacsim.robot.manipulators. Please update your code accordingly.
2026-06-22T12:10:55Z [5,362ms] [Warning] [omni.isaac.manipulators.grippers.surface_gripper] omni.isaac.manipulators has been deprecated in favor of isaacsim.robot.manipulators. Please update your code accordingly.
2026-06-22T12:10:55Z [5,362ms] [Warning] [omni.isaac.manipulators.manipulators] omni.isaac.manipulators has been deprecated in favor of isaacsim.robot.manipulators. Please update your code accordingly.
2026-06-22T12:10:55Z [5,363ms] [Warning] [omni.isaac.manipulators.manipulators.single_manipulator] omni.isaac.manipulators has been deprecated in favor of isaacsim.robot.manipulators. Please update your code accordingly.
[5.377s] [ext: omni.isaac.lula_test_widget-1.0.6] startup
2026-06-22T12:10:55Z [5,366ms] [Warning] [omni.isaac.lula_test_widget] omni.isaac.lula_test_widget has been deprecated in favor of isaacsim.robot_motion.lula_test_widget. Please update your code accordingly.
[5.379s] [ext: omni.isaac.asset_browser-1.0.6] startup
2026-06-22T12:10:55Z [5,367ms] [Warning] [omni.isaac.asset_browser] omni.isaac.asset_browser has been deprecated in favor of isaacsim.asset.browser. Please update your code accordingly.
[5.381s] [ext: omni.kit.viewport.menubar.display-107.0.3] startup
[5.385s] [ext: omni.isaac.menu-1.0.6] startup
2026-06-22T12:10:55Z [5,373ms] [Warning] [omni.isaac.menu] omni.isaac.menu has been deprecated in favor of isaacsim.gui.menu. Please update your code accordingly.
[5.387s] [ext: omni.isaac.motion_generation-8.0.7] startup
2026-06-22T12:10:55Z [5,375ms] [Warning] [omni.isaac.motion_generation] omni.isaac.motion_generation has been deprecated in favor of isaacsim.robot_motion.motion_generation. Please update your code accordingly.
2026-06-22T12:10:55Z [5,375ms] [Warning] [omni.isaac.motion_generation.articulation_kinematics_solver] omni.isaac.motion_generation has been deprecated in favor of isaacsim.robot_motion.motion_generation. Please update your code accordingly.
2026-06-22T12:10:55Z [5,375ms] [Warning] [omni.isaac.motion_generation.articulation_motion_policy] omni.isaac.motion_generation has been deprecated in favor of isaacsim.robot_motion.motion_generation. Please update your code accordingly.
2026-06-22T12:10:55Z [5,375ms] [Warning] [omni.isaac.motion_generation.articulation_trajectory] omni.isaac.motion_generation has been deprecated in favor of isaacsim.robot_motion.motion_generation. Please update your code accordingly.
2026-06-22T12:10:55Z [5,375ms] [Warning] [omni.isaac.motion_generation.kinematics_interface] omni.isaac.motion_generation has been deprecated in favor of isaacsim.robot_motion.motion_generation. Please update your code accordingly.
2026-06-22T12:10:55Z [5,375ms] [Warning] [omni.isaac.motion_generation.lula] omni.isaac.motion_generation has been deprecated in favor of isaacsim.robot_motion.motion_generation. Please update your code accordingly.
2026-06-22T12:10:55Z [5,375ms] [Warning] [omni.isaac.motion_generation.lula.kinematics] omni.isaac.motion_generation has been deprecated in favor of isaacsim.robot_motion.motion_generation. Please update your code accordingly.
2026-06-22T12:10:55Z [5,376ms] [Warning] [omni.isaac.motion_generation.lula.motion_policies] omni.isaac.motion_generation has been deprecated in favor of isaacsim.robot_motion.motion_generation. Please update your code accordingly.
2026-06-22T12:10:55Z [5,377ms] [Warning] [omni.isaac.motion_generation.lula.path_planners] omni.isaac.motion_generation has been deprecated in favor of isaacsim.robot_motion.motion_generation. Please update your code accordingly.
2026-06-22T12:10:55Z [5,377ms] [Warning] [omni.isaac.motion_generation.lula.trajectory_generator] omni.isaac.motion_generation has been deprecated in favor of isaacsim.robot_motion.motion_generation. Please update your code accordingly.
2026-06-22T12:10:55Z [5,377ms] [Warning] [omni.isaac.motion_generation.motion_policy_controller] omni.isaac.motion_generation has been deprecated in favor of isaacsim.robot_motion.motion_generation. Please update your code accordingly.
2026-06-22T12:10:55Z [5,377ms] [Warning] [omni.isaac.motion_generation.motion_policy_interface] omni.isaac.motion_generation has been deprecated in favor of isaacsim.robot_motion.motion_generation. Please update your code accordingly.
2026-06-22T12:10:55Z [5,377ms] [Warning] [omni.isaac.motion_generation.path_planner_visualizer] omni.isaac.motion_generation has been deprecated in favor of isaacsim.robot_motion.motion_generation. Please update your code accordingly.
2026-06-22T12:10:55Z [5,377ms] [Warning] [omni.isaac.motion_generation.path_planning_interface] omni.isaac.motion_generation has been deprecated in favor of isaacsim.robot_motion.motion_generation. Please update your code accordingly.
2026-06-22T12:10:55Z [5,377ms] [Warning] [omni.isaac.motion_generation.trajectory] omni.isaac.motion_generation has been deprecated in favor of isaacsim.robot_motion.motion_generation. Please update your code accordingly.
2026-06-22T12:10:55Z [5,377ms] [Warning] [omni.isaac.motion_generation.world_interface] omni.isaac.motion_generation has been deprecated in favor of isaacsim.robot_motion.motion_generation. Please update your code accordingly.
[5.391s] [ext: omni.isaac.assets_check-0.3.13] startup
2026-06-22T12:10:55Z [5,379ms] [Warning] [omni.isaac.assets_check] omni.isaac.assets_check has been deprecated in favor of isaacsim.asset.browser. Please update your code accordingly.
[5.392s] [ext: isaacsim.gui.sensors.icon-2.0.3] startup
[5.405s] [ext: isaacsim.asset.importer.mjcf-2.5.13] startup
[5.411s] [ext: omni.sensors.nv.common-3.0.0] startup
[5.417s] [ext: isaacsim.sensors.physics-0.4.3] startup
[5.457s] [ext: omni.sensors.net-1.0.0] startup
[5.460s] [ext: omni.isaac.nucleus-1.0.6] startup
2026-06-22T12:10:55Z [5,450ms] [Warning] [omni.isaac.nucleus] omni.isaac.nucleus has been deprecated in favor of isaacsim.storage.native. Please update your code accordingly.
2026-06-22T12:10:55Z [5,450ms] [Warning] [omni.isaac.nucleus.nucleus] omni.isaac.nucleus.nucleus has been deprecated in favor of isaacsim.storage.native. Please update your code accordingly.
[5.464s] [ext: omni.sensors.nv.materials-2.0.0] startup
[5.468s] [ext: isaacsim.robot.policy.examples-4.1.11] startup
[5.470s] [ext: omni.sensors.nv.wpm-3.0.0] startup
[5.472s] [ext: omni.sensors.nv.lidar-3.0.0] startup
[5.480s] [ext: isaacsim.util.debug_draw-3.1.0] startup
[5.485s] [ext: omni.sensors.nv.radar-3.0.0] startup
[5.488s] [ext: omni.sensors.nv.ids-2.0.0] startup
[5.489s] [ext: isaacsim.core.cloner-1.4.10] startup
[5.491s] [ext: isaacsim.sensors.physx-2.3.2] startup
[5.494s] [ext: isaacsim.sensors.rtx-15.8.4] startup
[5.499s] [ext: isaacsim.sensors.camera-1.3.6] startup
[5.507s] [ext: omni.isaac.quadruped-3.0.7] startup
2026-06-22T12:10:55Z [5,497ms] [Warning] [omni.isaac.quadruped] omni.isaac.quadruped has been deprecated in favor of isaacsim.robot.policy.examples. Please update your code accordingly.
[5.511s] [ext: omni.isaac.cloner-1.0.7] startup
2026-06-22T12:10:55Z [5,498ms] [Warning] [omni.isaac.cloner] omni.isaac.cloner has been deprecated in favor of isaacsim.core.cloner. Please update your code accordingly.
[5.514s] [ext: omni.isaac.range_sensor-4.0.6] startup
2026-06-22T12:10:55Z [5,503ms] [Warning] [omni.isaac.range_sensor] omni.isaac.range_sensor has been deprecated in favor of isaacsim.sensors.physx. Please update your code accordingly.
2026-06-22T12:10:55Z [5,503ms] [Warning] [omni.isaac.range_sensor.commands] omni.isaac.range_sensor.commands has been deprecated in favor of isaacsim.sensors.physx.commands. Please update your code accordingly.
[5.518s] [ext: omni.isaac.sensor-13.0.7] startup
2026-06-22T12:10:55Z [5,507ms] [Warning] [omni.isaac.sensor] omni.isaac.sensor has been deprecated in favor of isaacsim.sensors.camera, isaacsim.sensors.physics, isaacsim.sensors.physx, and isaacsim.sensors.rtx. Please update your code accordingly.
2026-06-22T12:10:55Z [5,509ms] [Warning] [omni.isaac.sensor.camera] omni.isaac.sensor.camera has been deprecated in favor of isaacsim.sensors.camera.camera. Please update your code accordingly.
2026-06-22T12:10:55Z [5,509ms] [Warning] [omni.isaac.sensor.camera_view] omni.isaac.sensor.camera_view has been deprecated in favor of isaacsim.sensors.camera.camera_view. Please update your code accordingly.
2026-06-22T12:10:55Z [5,509ms] [Warning] [omni.isaac.sensor.commands] omni.isaac.sensor.commands has been deprecated in favor of isaacsim.sensors.physics.commands, isaacsim.sensors.physx.commands, and isaacsim.sensors.rtx.commands. Please update your code accordingly.
2026-06-22T12:10:55Z [5,509ms] [Warning] [omni.isaac.sensor.contact_sensor] omni.isaac.sensor.contact_sensor has been deprecated in favor of isaacsim.sensors.physics.contact_sensor. Please update your code accordingly.
2026-06-22T12:10:55Z [5,509ms] [Warning] [omni.isaac.sensor.imu_sensor] omni.isaac.sensor.imu_sensor has been deprecated in favor of isaacsim.sensors.physics.imu_sensor. Please update your code accordingly.
2026-06-22T12:10:55Z [5,509ms] [Warning] [omni.isaac.sensor.lidar_rtx] omni.isaac.sensor.lidar_rtx has been deprecated in favor of isaacsim.sensors.rtx.lidar_rtx. Please update your code accordingly.
2026-06-22T12:10:55Z [5,509ms] [Warning] [omni.isaac.sensor.rotating_lidar_physX] omni.isaac.sensor.imu_sensor has been deprecated in favor of isaacsim.sensors.physix.rotating_lidar_physX. Please update your code accordingly.
2026-06-22T12:10:55Z [5,509ms] [Warning] [omni.isaac.sensor.scripts.samples.contact_sensor] omni.isaac.sensor.scripts.samples.contact_sensor has been deprecated in favor of isaacsim.sensors.physics.scripts.samples.contact_sensor. Please update your code accordingly.
2026-06-22T12:10:55Z [5,510ms] [Warning] [omni.isaac.sensor.scripts.samples.imu_sensor] omni.isaac.sensor.scripts.samples.imu_sensor has been deprecated in favor of isaacsim.sensors.physics.scripts.samples.imu_sensor. Please update your code accordingly.
2026-06-22T12:10:55Z [5,510ms] [Warning] [omni.isaac.sensor.scripts.samples.lightbeam_sensor] omni.isaac.sensor.scripts.samples.lightbeam_sensor has been deprecated in favor of isaacsim.sensors.physx.scripts.samples.lightbeam_sensor. Please update your code accordingly.
[5.523s] [ext: omni.kit.menu.create-2.0.1] startup
[5.526s] [ext: omni.kit.widget.toolbar-2.0.1] startup
[5.536s] [ext: omni.kit.manipulator.transform-107.0.0] startup
[5.539s] [ext: omni.isaac.core-4.0.7] startup
2026-06-22T12:10:55Z [5,526ms] [Warning] [omni.isaac.core.physics_context.physics_context] omni.isaac.core.physics_context.physics_context has been deprecated in favor of isaacsim.core.api.physics_context.physics_context. Please update your code accordingly.
2026-06-22T12:10:55Z [5,526ms] [Warning] [omni.isaac.core.simulation_context.simulation_context] omni.isaac.core.simulation_context.simulation_context has been deprecated in favor of isaacsim.core.api.simulation_context.simulation_context. Please update your code accordingly.
2026-06-22T12:10:55Z [5,526ms] [Warning] [omni.isaac.core.world.world] omni.isaac.core.world.world has been deprecated in favor of isaacsim.core.api.world.world. Please update your code accordingly.
2026-06-22T12:10:55Z [5,526ms] [Warning] [omni.isaac.core] omni.isaac.core has been deprecated in favor of isaacsim.core.api. Please update your code accordingly.
[5.540s] [ext: omni.kit.scripting-107.3.2] startup
[5.545s] [ext: omni.kit.manipulator.tool.snap-1.5.13] startup
[5.549s] [ext: omni.kit.manipulator.selector-1.1.3] startup
[5.550s] [ext: isaacsim.app.about-2.0.11] startup
[5.554s] [ext: isaacsim.replicator.behavior-1.1.16] startup
[5.555s] [ext: omni.kit.viewport.manipulator.transform-107.0.4] startup
[5.556s] [ext: omni.isaac.window.about-2.0.7] startup
2026-06-22T12:10:55Z [5,544ms] [Warning] [omni.isaac.window.about] omni.isaac.window.about has been deprecated in favor of isaacsim.app.about. Please update your code accordingly.
2026-06-22T12:10:55Z [5,544ms] [Warning] [omni.isaac.window.about.about] omni.isaac.window.about.about has been deprecated in favor of isaacsim.app.about.about. Please update your code accordingly.
[5.558s] [ext: omni.fabric.commands-1.1.6] startup
[5.561s] [ext: omni.kit.manipulator.prim.core-107.0.8] startup
[5.565s] [ext: omni.kit.property.audio-1.0.16] startup
[5.566s] [ext: omni.kit.property.camera-1.0.10] startup
[5.567s] [ext: omni.kit.property.geometry-2.0.4] startup
[5.570s] [ext: omni.hydra.scene_api-0.1.2] startup
[5.573s] [ext: omni.kit.property.light-1.0.12] startup
[5.590s] [ext: omni.kit.manipulator.prim.fabric-107.0.4] startup
[5.592s] [ext: omni.kit.manipulator.prim.usd-107.0.3] startup
[5.594s] [ext: omni.kit.property.material-1.11.9] startup
[5.598s] [ext: omni.kit.property.render-1.2.1] startup
[5.599s] [ext: omni.kit.property.transform-1.5.13] startup
[5.603s] [ext: isaacsim.gui.property-1.1.3] startup
[5.605s] [ext: omni.kit.manipulator.camera-106.0.4] startup
[5.608s] [ext: omni.kit.manipulator.prim-107.0.0] startup
[5.609s] [ext: omni.isaac.surface_gripper-2.0.6] startup
2026-06-22T12:10:55Z [5,596ms] [Warning] [omni.isaac.surface_gripper] omni.isaac.surface_gripper has been deprecated in favor of isaacsim.robot.surface_gripper. Please update your code accordingly.
[5.609s] [ext: omni.kit.manipulator.selection-106.0.1] startup
[5.611s] [ext: omni.kit.property.bundle-1.4.1] startup
[5.613s] [ext: omni.kit.property.isaac-1.0.6] startup
2026-06-22T12:10:55Z [5,600ms] [Warning] [omni.kit.property.isaac] omni.kit.property.isaac has been deprecated in favor of isaacsim.gui.property. Please update your code accordingly.
2026-06-22T12:10:55Z [5,600ms] [Warning] [omni.kit.property.isaac.widgets] omni.kit.property.isaac.widgets has been deprecated in favor of isaacsim.gui.property.widgets. Please update your code accordingly.
[5.614s] [ext: omni.isaac.universal_robots-1.0.6] startup
2026-06-22T12:10:55Z [5,600ms] [Warning] [omni.isaac.universal_robots] omni.isaac.universal_robots has been deprecated in favor of isaacsim.robot.manipulators.examples.universal_robots. Please update your code accordingly.
2026-06-22T12:10:55Z [5,601ms] [Warning] [omni.isaac.universal_robots.kinematics_solver] omni.isaac.franka has been deprecated in favor of isaacsim.robot.manipulators.examples.universal_robots. Please update your code accordingly.
2026-06-22T12:10:55Z [5,602ms] [Warning] [omni.isaac.universal_robots.ur10] omni.isaac.franka has been deprecated in favor of isaacsim.robot.manipulators.examples.universal_robots. Please update your code accordingly.
[5.615s] [ext: omni.isaac.core_nodes-2.0.6] startup
2026-06-22T12:10:55Z [5,605ms] [Warning] [omni.isaac.core_nodes] omni.isaac.core_nodes has been deprecated in favor of isaacsim.core.nodes. Please update your code accordingly.
[5.618s] [ext: omni.kit.viewport.menubar.camera-107.0.6] startup
[5.624s] [ext: omni.kit.viewport.menubar.lighting-107.3.1] startup
[5.626s] [ext: isaacsim.replicator.writers-1.0.17] startup
[5.636s] [ext: omni.kit.viewport.menubar.render-107.0.10] startup
[5.640s] [ext: omni.kit.viewport.menubar.settings-107.0.3] startup
[5.644s] [ext: omni.kit.window.console-1.1.4] startup
[5.650s] [ext: isaacsim.replicator.domain_randomization-1.0.16] startup
[5.651s] [ext: isaacsim.replicator.examples-1.3.6] startup
[5.652s] [ext: omni.ocio-0.1.1] startup
[5.652s] [ext: omni.rtx.window.settings-0.6.19] startup
[5.662s] [ext: omni.kit.window.status_bar-0.1.9] startup
[5.667s] [ext: omni.kit.window.toolbar-2.0.0] startup
[5.671s] [ext: omni.replicator.isaac-2.0.8] startup
2026-06-22T12:10:55Z [5,658ms] [Warning] [omni.replicator.isaac] omni.replicator.isaac has been deprecated in favor of isaacsim.replicator.domain_randomization, isaacsim.replicator.examples, isaacsim.replicator.writers. Please update your code accordingly.
[5.672s] [ext: omni.replicator.replicator_yaml-2.0.11] startup
[5.690s] [ext: omni.rtx.settings.core-0.6.5] startup
[5.694s] [ext: omni.usd.metrics.assembler.ui-107.3.1] startup
[5.703s] [ext: omni.isaac.utils-2.0.6] startup
[5.703s] [ext: semantics.schema.editor-2.0.2] startup
[5.707s] [ext: omni.kit.ui.actions-1.0.5] startup
[5.708s] [ext: semantics.schema.property-2.0.1] startup
[5.709s] [ext: omni.isaac.version-2.0.7] startup
2026-06-22T12:10:56Z [5,697ms] [Warning] [omni.isaac.version] omni.isaac.version has been deprecated in favor of isaacsim.core.version. Please update your code accordingly.
[5.711s] [ext: omni.isaac.cortex-1.0.5] startup
[5.711s] [ext: omni.anim.curve.core-1.3.1] startup
[5.717s] [ext: isaacsim.core.throttling-2.2.2] startup
[5.718s] [ext: omni.kit.menu.common-2.0.1] startup
[5.723s] [ext: isaacsim.exp.base-5.1.0] startup
[5.723s] [ext: isaacsim.exp.base.python-5.1.0] startup
[5.724s] Simulation App Starting
2026-06-22T12:10:56Z [6,066ms] [Warning] [omni.kvdb.plugin] Disabling key-value database because another kit process is locking it
2026-06-22T12:10:56Z [6,120ms] [Warning] [omni.fabric.plugin] Warning: attribute viewportHandle not found for bucket id 9

[6.257s] app ready
Starting kit application with the following args:  ['/home/rokey/dev_ws/isaac_sim/isaacsim/_build/linux-x86_64/release/exts/isaacsim.simulation_app/isaacsim/simulation_app/simulation_app.py', '/home/rokey/dev_ws/isaac_sim/isaacsim/_build/linux-x86_64/release/apps/isaacsim.exp.base.python.kit', '--/app/tokens/exe-path=/home/rokey/dev_ws/isaac_sim/isaacsim/_build/linux-x86_64/release/kit', '--/persistent/app/viewport/displayOptions=3094', '--/rtx/materialDb/syncLoads=True', '--/rtx/hydra/materialSyncLoads=True', '--/omni.kit.plugin/syncUsdLoads=True', '--/app/renderer/resolution/width=1280', '--/app/renderer/resolution/height=720', '--/app/window/width=1440', '--/app/window/height=900', '--/renderer/multiGpu/enabled=True', '--/app/fastShutdown=True', '--/app/installSignalHandlers=0', '--ext-folder', '/home/rokey/dev_ws/isaac_sim/isaacsim/_build/linux-x86_64/release/exts', '--ext-folder', '/home/rokey/dev_ws/isaac_sim/isaacsim/_build/linux-x86_64/release/apps', '--/physics/cudaDevice=0', '--/plugins/carb.tasking.plugin/threadCount=24', '--/plugins/omni.tbb.globalcontrol/maxThreadCount=24', '--portable', '--no-window', '--/app/window/hideUi=1']
Passing the following args to the base kit application:  []
Warp 1.8.2 initialized:
   CUDA Toolkit 12.8, Driver 13.0
   Devices:
     "cpu"      : "x86_64"
     "cuda:0"   : "NVIDIA GeForce RTX 5080 Laptop GPU" (15 GiB, sm_120, mempool enabled)
   Kernel cache:
     /home/rokey/.cache/warp/1.8.2
Warp DeprecationWarning: The `warp.sim` module is deprecated and will be removed in v1.10. Please transition to using the forthcoming Newton library instead.
[INFO] Assembling /home/rokey/cobot3_ws_hh_2/src/robotarm_polishing/M0609/doosan-robot2/usd/m0609.usd with /home/rokey/cobot3_ws_hh_2/src/robotarm_polishing/first_project_0620/OnRobot_Sander_v2.usd
[INFO] Found link_6 at: /World/m0609/m0609/link_6
[DEBUG] pad_path: /World/m0609/m0609/link_6/quick_mount/sanding_kit/OnRobot_Sander_v2/tn__104327_
[DEBUG] pad_prim.IsValid(): True
[9.144s] Simulation App Startup Complete
2026-06-22T12:10:59Z [9,204ms] [Error] [omni.kit.app._impl] [py stderr]: Traceback (most recent call last):
2026-06-22T12:10:59Z [9,204ms] [Error] [omni.kit.app._impl] [py stderr]:   File "/home/rokey/cobot3_ws_hh_2/src/robotarm_polishing/first_project_0620/assemble_robot.py", line 142, in <module>
2026-06-22T12:10:59Z [9,204ms] [Error] [omni.kit.app._impl] [py stderr]:     assemble()
2026-06-22T12:10:59Z [9,204ms] [Error] [omni.kit.app._impl] [py stderr]:   File "/home/rokey/cobot3_ws_hh_2/src/robotarm_polishing/first_project_0620/assemble_robot.py", line 133, in assemble
2026-06-22T12:10:59Z [9,204ms] [Error] [omni.kit.app._impl] [py stderr]:     binding_api.Bind(UsdShade.Material(material_prim), UsdPhysics.Tokens.physics)
2026-06-22T12:10:59Z [9,205ms] [Error] [omni.kit.app._impl] [py stderr]:                                                        ^^^^^^^^^^^^^^^^^^^^^^^^^
2026-06-22T12:10:59Z [9,205ms] [Error] [omni.kit.app._impl] [py stderr]: AttributeError: type object 'Tokens' has no attribute 'physics'
2026-06-22T12:10:59Z [9,456ms] [Warning] [omni.graph.core.plugin] Could not find category 'Replicator:Annotators' for removal
2026-06-22T12:10:59Z [9,456ms] [Warning] [omni.graph.core.plugin] Could not find category 'Replicator:Annotators' for removal
2026-06-22T12:10:59Z [9,456ms] [Warning] [omni.graph.core.plugin] Could not find category 'Replicator' for removal
2026-06-22T12:10:59Z [9,456ms] [Warning] [omni.graph.core.plugin] Could not find category 'Replicator:Annotators' for removal
2026-06-22T12:10:59Z [9,456ms] [Warning] [omni.graph.core.plugin] Could not find category 'Replicator:Annotators' for removal
2026-06-22T12:10:59Z [9,456ms] [Warning] [omni.graph.core.plugin] Could not find category 'Replicator:Annotators' for removal
2026-06-22T12:10:59Z [9,456ms] [Warning] [omni.graph.core.plugin] Could not find category 'Replicator:Annotators' for removal
2026-06-22T12:10:59Z [9,456ms] [Warning] [omni.graph.core.plugin] Could not find category 'Replicator:Annotators' for removal
2026-06-22T12:10:59Z [9,456ms] [Warning] [omni.graph.core.plugin] Could not find category 'Replicator:Annotators' for removal
2026-06-22T12:10:59Z [9,456ms] [Warning] [omni.graph.core.plugin] Could not find category 'Replicator:Annotators' for removal
2026-06-22T12:10:59Z [9,456ms] [Warning] [omni.graph.core.plugin] Could not find category 'Replicator:Annotators' for removal
2026-06-22T12:10:59Z [9,456ms] [Warning] [omni.graph.core.plugin] Could not find category 'Replicator:Annotators' for removal
2026-06-22T12:10:59Z [9,456ms] [Warning] [omni.graph.core.plugin] Could not find category 'Replicator:Annotators' for removal
2026-06-22T12:10:59Z [9,456ms] [Warning] [omni.graph.core.plugin] Could not find category 'Replicator:Core' for removal
2026-06-22T12:10:59Z [9,458ms] [Warning] [omni.graph.core.plugin] Could not find category 'animation' for removal
2026-06-22T12:10:59Z [9,458ms] [Warning] [omni.physx.plugin] USD stage detach not called, holding a loose ptr to a stage!
2026-06-22T12:10:59Z [9,472ms] [Warning] [omni.fabric.plugin] gFabricState->gUsdStageToSimStageWithHistoryMap had 1 outstanding SimStageWithHistory(s) at shutdown
2026-06-22T12:10:59Z [9,473ms] [Warning] [carb.audio.context] 1 contexts were leaked
2026-06-22T12:10:59Z [9,491ms] [Warning] [carb] Recursive unloadAllPlugins() detected!
