running egg_info
creating ../../build/cobot3/cobot3.egg-info
writing ../../build/cobot3/cobot3.egg-info/PKG-INFO
writing dependency_links to ../../build/cobot3/cobot3.egg-info/dependency_links.txt
writing entry points to ../../build/cobot3/cobot3.egg-info/entry_points.txt
writing requirements to ../../build/cobot3/cobot3.egg-info/requires.txt
writing top-level names to ../../build/cobot3/cobot3.egg-info/top_level.txt
writing manifest file '../../build/cobot3/cobot3.egg-info/SOURCES.txt'
reading manifest file '../../build/cobot3/cobot3.egg-info/SOURCES.txt'
adding license file 'LICENSE'
writing manifest file '../../build/cobot3/cobot3.egg-info/SOURCES.txt'
running build
running build_py
creating /home/rokey/cobot3_ws/build/cobot3/build
creating /home/rokey/cobot3_ws/build/cobot3/build/lib
creating /home/rokey/cobot3_ws/build/cobot3/build/lib/cobot3
copying cobot3/__init__.py -> /home/rokey/cobot3_ws/build/cobot3/build/lib/cobot3
running install
running install_lib
creating /home/rokey/cobot3_ws/install/cobot3/lib/python3.10/site-packages/cobot3
copying /home/rokey/cobot3_ws/build/cobot3/build/lib/cobot3/__init__.py -> /home/rokey/cobot3_ws/install/cobot3/lib/python3.10/site-packages/cobot3
byte-compiling /home/rokey/cobot3_ws/install/cobot3/lib/python3.10/site-packages/cobot3/__init__.py to __init__.cpython-310.pyc
running install_data
creating /home/rokey/cobot3_ws/install/cobot3/share/ament_index
creating /home/rokey/cobot3_ws/install/cobot3/share/ament_index/resource_index
creating /home/rokey/cobot3_ws/install/cobot3/share/ament_index/resource_index/packages
copying resource/cobot3 -> /home/rokey/cobot3_ws/install/cobot3/share/ament_index/resource_index/packages
copying package.xml -> /home/rokey/cobot3_ws/install/cobot3/share/cobot3
running install_egg_info
Copying ../../build/cobot3/cobot3.egg-info to /home/rokey/cobot3_ws/install/cobot3/lib/python3.10/site-packages/cobot3-0.0.0-py3.10.egg-info
running install_scripts
Installing my_listener script to /home/rokey/cobot3_ws/install/cobot3/lib/cobot3
Installing my_talker script to /home/rokey/cobot3_ws/install/cobot3/lib/cobot3
writing list of installed files to '/home/rokey/cobot3_ws/build/cobot3/install.log'
