[0.965s] Invoking command in '/home/rokey/cobot3_ws/src/simple_sanding': PYTHONPATH=/home/rokey/cobot3_ws/build/simple_sanding/prefix_override:/usr/lib/python3/dist-packages/colcon_core/task/python/colcon_distutils_commands:/home/rokey/cobot3_ws/install/simple_sanding/lib/python3.10/site-packages:${PYTHONPATH} /usr/bin/python3 -W ignore:setup.py install is deprecated -W ignore:easy_install command is deprecated setup.py egg_info --egg-base ../../build/simple_sanding build --build-base /home/rokey/cobot3_ws/build/simple_sanding/build install --record /home/rokey/cobot3_ws/build/simple_sanding/install.log --single-version-externally-managed install_data
[1.263s] running egg_info
[1.263s] creating ../../build/simple_sanding/simple_sanding.egg-info
[1.264s] writing ../../build/simple_sanding/simple_sanding.egg-info/PKG-INFO
[1.264s] writing dependency_links to ../../build/simple_sanding/simple_sanding.egg-info/dependency_links.txt
[1.264s] writing entry points to ../../build/simple_sanding/simple_sanding.egg-info/entry_points.txt
[1.264s] writing requirements to ../../build/simple_sanding/simple_sanding.egg-info/requires.txt
[1.264s] writing top-level names to ../../build/simple_sanding/simple_sanding.egg-info/top_level.txt
[1.264s] writing manifest file '../../build/simple_sanding/simple_sanding.egg-info/SOURCES.txt'
[1.266s] reading manifest file '../../build/simple_sanding/simple_sanding.egg-info/SOURCES.txt'
[1.267s] writing manifest file '../../build/simple_sanding/simple_sanding.egg-info/SOURCES.txt'
[1.267s] running build
[1.267s] running build_py
[1.267s] creating /home/rokey/cobot3_ws/build/simple_sanding/build
[1.267s] creating /home/rokey/cobot3_ws/build/simple_sanding/build/lib
[1.267s] creating /home/rokey/cobot3_ws/build/simple_sanding/build/lib/simple_sanding
[1.267s] copying simple_sanding/sanding_node.py -> /home/rokey/cobot3_ws/build/simple_sanding/build/lib/simple_sanding
[1.267s] copying simple_sanding/sanding_config.py -> /home/rokey/cobot3_ws/build/simple_sanding/build/lib/simple_sanding
[1.267s] copying simple_sanding/__init__.py -> /home/rokey/cobot3_ws/build/simple_sanding/build/lib/simple_sanding
[1.267s] copying simple_sanding/path_generator.py -> /home/rokey/cobot3_ws/build/simple_sanding/build/lib/simple_sanding
[1.267s] copying simple_sanding/trajectory_interpolator.py -> /home/rokey/cobot3_ws/build/simple_sanding/build/lib/simple_sanding
[1.268s] running install
[1.268s] running install_lib
[1.268s] creating /home/rokey/cobot3_ws/install/simple_sanding/lib/python3.10/site-packages/simple_sanding
[1.268s] copying /home/rokey/cobot3_ws/build/simple_sanding/build/lib/simple_sanding/sanding_node.py -> /home/rokey/cobot3_ws/install/simple_sanding/lib/python3.10/site-packages/simple_sanding
[1.269s] copying /home/rokey/cobot3_ws/build/simple_sanding/build/lib/simple_sanding/sanding_config.py -> /home/rokey/cobot3_ws/install/simple_sanding/lib/python3.10/site-packages/simple_sanding
[1.269s] copying /home/rokey/cobot3_ws/build/simple_sanding/build/lib/simple_sanding/__init__.py -> /home/rokey/cobot3_ws/install/simple_sanding/lib/python3.10/site-packages/simple_sanding
[1.269s] copying /home/rokey/cobot3_ws/build/simple_sanding/build/lib/simple_sanding/path_generator.py -> /home/rokey/cobot3_ws/install/simple_sanding/lib/python3.10/site-packages/simple_sanding
[1.269s] copying /home/rokey/cobot3_ws/build/simple_sanding/build/lib/simple_sanding/trajectory_interpolator.py -> /home/rokey/cobot3_ws/install/simple_sanding/lib/python3.10/site-packages/simple_sanding
[1.269s] byte-compiling /home/rokey/cobot3_ws/install/simple_sanding/lib/python3.10/site-packages/simple_sanding/sanding_node.py to sanding_node.cpython-310.pyc
[1.270s] byte-compiling /home/rokey/cobot3_ws/install/simple_sanding/lib/python3.10/site-packages/simple_sanding/sanding_config.py to sanding_config.cpython-310.pyc
[1.271s] byte-compiling /home/rokey/cobot3_ws/install/simple_sanding/lib/python3.10/site-packages/simple_sanding/__init__.py to __init__.cpython-310.pyc
[1.271s] byte-compiling /home/rokey/cobot3_ws/install/simple_sanding/lib/python3.10/site-packages/simple_sanding/path_generator.py to path_generator.cpython-310.pyc
[1.272s] byte-compiling /home/rokey/cobot3_ws/install/simple_sanding/lib/python3.10/site-packages/simple_sanding/trajectory_interpolator.py to trajectory_interpolator.cpython-310.pyc
[1.273s] running install_data
[1.273s] creating /home/rokey/cobot3_ws/install/simple_sanding/share/ament_index
[1.274s] creating /home/rokey/cobot3_ws/install/simple_sanding/share/ament_index/resource_index
[1.274s] creating /home/rokey/cobot3_ws/install/simple_sanding/share/ament_index/resource_index/packages
[1.274s] copying resource/simple_sanding -> /home/rokey/cobot3_ws/install/simple_sanding/share/ament_index/resource_index/packages
[1.275s] copying package.xml -> /home/rokey/cobot3_ws/install/simple_sanding/share/simple_sanding
[1.275s] running install_egg_info
[1.282s] Copying ../../build/simple_sanding/simple_sanding.egg-info to /home/rokey/cobot3_ws/install/simple_sanding/lib/python3.10/site-packages/simple_sanding-0.0.0-py3.10.egg-info
[1.284s] running install_scripts
[1.314s] Installing run_sanding script to /home/rokey/cobot3_ws/install/simple_sanding/lib/simple_sanding
[1.314s] Installing test_path script to /home/rokey/cobot3_ws/install/simple_sanding/lib/simple_sanding
[1.315s] writing list of installed files to '/home/rokey/cobot3_ws/build/simple_sanding/install.log'
[1.346s] Invoked command in '/home/rokey/cobot3_ws/src/simple_sanding' returned '0': PYTHONPATH=/home/rokey/cobot3_ws/build/simple_sanding/prefix_override:/usr/lib/python3/dist-packages/colcon_core/task/python/colcon_distutils_commands:/home/rokey/cobot3_ws/install/simple_sanding/lib/python3.10/site-packages:${PYTHONPATH} /usr/bin/python3 -W ignore:setup.py install is deprecated -W ignore:easy_install command is deprecated setup.py egg_info --egg-base ../../build/simple_sanding build --build-base /home/rokey/cobot3_ws/build/simple_sanding/build install --record /home/rokey/cobot3_ws/build/simple_sanding/install.log --single-version-externally-managed install_data
