/home/rokey/cobot3_ws/install/simple_sanding/lib/python3.10/site-packages/simple_sanding/sanding_node.py
/home/rokey/cobot3_ws/install/simple_sanding/lib/python3.10/site-packages/simple_sanding/sanding_config.py
/home/rokey/cobot3_ws/install/simple_sanding/lib/python3.10/site-packages/simple_sanding/__init__.py
/home/rokey/cobot3_ws/install/simple_sanding/lib/python3.10/site-packages/simple_sanding/path_generator.py
/home/rokey/cobot3_ws/install/simple_sanding/lib/python3.10/site-packages/simple_sanding/trajectory_interpolator.py
/home/rokey/cobot3_ws/install/simple_sanding/lib/python3.10/site-packages/simple_sanding/__pycache__/sanding_node.cpython-310.pyc
/home/rokey/cobot3_ws/install/simple_sanding/lib/python3.10/site-packages/simple_sanding/__pycache__/sanding_config.cpython-310.pyc
/home/rokey/cobot3_ws/install/simple_sanding/lib/python3.10/site-packages/simple_sanding/__pycache__/__init__.cpython-310.pyc
/home/rokey/cobot3_ws/install/simple_sanding/lib/python3.10/site-packages/simple_sanding/__pycache__/path_generator.cpython-310.pyc
/home/rokey/cobot3_ws/install/simple_sanding/lib/python3.10/site-packages/simple_sanding/__pycache__/trajectory_interpolator.cpython-310.pyc
/home/rokey/cobot3_ws/install/simple_sanding/share/ament_index/resource_index/packages/simple_sanding
/home/rokey/cobot3_ws/install/simple_sanding/share/simple_sanding/package.xml
/home/rokey/cobot3_ws/install/simple_sanding/lib/python3.10/site-packages/simple_sanding-0.0.0-py3.10.egg-info/entry_points.txt
/home/rokey/cobot3_ws/install/simple_sanding/lib/python3.10/site-packages/simple_sanding-0.0.0-py3.10.egg-info/top_level.txt
/home/rokey/cobot3_ws/install/simple_sanding/lib/python3.10/site-packages/simple_sanding-0.0.0-py3.10.egg-info/zip-safe
/home/rokey/cobot3_ws/install/simple_sanding/lib/python3.10/site-packages/simple_sanding-0.0.0-py3.10.egg-info/PKG-INFO
/home/rokey/cobot3_ws/install/simple_sanding/lib/python3.10/site-packages/simple_sanding-0.0.0-py3.10.egg-info/dependency_links.txt
/home/rokey/cobot3_ws/install/simple_sanding/lib/python3.10/site-packages/simple_sanding-0.0.0-py3.10.egg-info/SOURCES.txt
/home/rokey/cobot3_ws/install/simple_sanding/lib/python3.10/site-packages/simple_sanding-0.0.0-py3.10.egg-info/requires.txt
/home/rokey/cobot3_ws/install/simple_sanding/lib/simple_sanding/run_sanding
/home/rokey/cobot3_ws/install/simple_sanding/lib/simple_sanding/test_path
