[0.000000] (-) TimerEvent: {}
[0.000409] (-) JobUnselected: {'identifier': 'M0609'}
[0.000429] (-) JobUnselected: {'identifier': 'cobot3'}
[0.000436] (-) JobUnselected: {'identifier': 'commander'}
[0.000442] (-) JobUnselected: {'identifier': 'simple_sanding'}
[0.000448] (sanding_control) JobQueued: {'identifier': 'sanding_control', 'dependencies': OrderedDict()}
[0.000456] (sanding_control) JobStarted: {'identifier': 'sanding_control'}
[0.100099] (-) TimerEvent: {}
[0.200339] (-) TimerEvent: {}
[0.272031] (sanding_control) Command: {'cmd': ['/usr/bin/python3', '-W', 'ignore:setup.py install is deprecated', '-W', 'ignore:easy_install command is deprecated', 'setup.py', 'egg_info', '--egg-base', '../../build/sanding_control', 'build', '--build-base', '/home/rokey/cobot3_ws/build/sanding_control/build', 'install', '--record', '/home/rokey/cobot3_ws/build/sanding_control/install.log', '--single-version-externally-managed', 'install_data'], 'cwd': '/home/rokey/cobot3_ws/src/sanding_control', 'env': {'GJS_DEBUG_TOPICS': 'JS ERROR;JS LOG', 'LANGUAGE': 'ko:en', 'USER': 'rokey', 'LC_TIME': 'ko_KR.UTF-8', 'XDG_SESSION_TYPE': 'x11', 'SHLVL': '1', 'LD_LIBRARY_PATH': '/opt/ros/humble/opt/rviz_ogre_vendor/lib:/opt/ros/humble/lib/x86_64-linux-gnu:/opt/ros/humble/lib', 'HOME': '/home/rokey', 'OLDPWD': '/home/rokey/cobot3_ws/src/sanding_control', 'DESKTOP_SESSION': 'ubuntu', 'GIO_LAUNCHED_DESKTOP_FILE': '/usr/share/applications/terminator.desktop', 'ROS_PYTHON_VERSION': '3', 'GNOME_SHELL_SESSION_MODE': 'ubuntu', 'GTK_MODULES': 'gail:atk-bridge', 'LC_MONETARY': 'ko_KR.UTF-8', 'MANAGERPID': '1919', 'SYSTEMD_EXEC_PID': '2330', 'DBUS_SESSION_BUS_ADDRESS': 'unix:path=/run/user/1000/bus', 'COLORTERM': 'truecolor', 'TERMINATOR_DBUS_NAME': 'net.tenshu.Terminator23558193cd9818af7fe4d2c2f5bd9d00f', 'GIO_LAUNCHED_DESKTOP_FILE_PID': '2869', 'ROS_DISTRO': 'humble', 'GTK_IM_MODULE': 'ibus', 'LOGNAME': 'rokey', 'JOURNAL_STREAM': '8:5607', '_': '/usr/bin/colcon', 'ROS_VERSION': '2', 'XDG_SESSION_CLASS': 'user', 'USERNAME': 'rokey', 'TERM': 'xterm-256color', 'GNOME_DESKTOP_SESSION_ID': 'this-is-deprecated', 'ROS_LOCALHOST_ONLY': '0', 'WINDOWPATH': '2', 'PATH': '/home/rokey/.local/bin:/opt/ros/humble/bin:/usr/local/sbin:/usr/local/bin:/usr/sbin:/usr/bin:/sbin:/bin:/usr/games:/usr/local/games:/snap/bin:/snap/bin', 'SESSION_MANAGER': 'local/IsaacSim13:@/tmp/.ICE-unix/2299,unix/IsaacSim13:/tmp/.ICE-unix/2299', 'INVOCATION_ID': '88d19762091f462bb1515734f08b1db3', 'PAPERSIZE': 'a4', 'XDG_MENU_PREFIX': 'gnome-', 'LC_ADDRESS': 'ko_KR.UTF-8', 'XDG_RUNTIME_DIR': '/run/user/1000', 'DISPLAY': ':1', 'TERMINATOR_DBUS_PATH': '/net/tenshu/Terminator2', 'LANG': 'ko_KR.UTF-8', 'XDG_CURRENT_DESKTOP': 'ubuntu:GNOME', 'IBUS_DISABLE_SNOOPER': '1', 'LC_TELEPHONE': 'ko_KR.UTF-8', 'XMODIFIERS': '@im=ibus', 'XDG_SESSION_DESKTOP': 'ubuntu', 'XAUTHORITY': '/run/user/1000/gdm/Xauthority', 'SSH_AGENT_LAUNCHER': 'gnome-keyring', 'SSH_AUTH_SOCK': '/run/user/1000/keyring/ssh', 'AMENT_PREFIX_PATH': '/opt/ros/humble', 'SHELL': '/bin/bash', 'LC_NAME': 'ko_KR.UTF-8', 'TERMINATOR_UUID': 'urn:uuid:59f89109-e551-4dc5-9f37-68bbf26fa546', 'QT_ACCESSIBILITY': '1', 'GDMSESSION': 'ubuntu', 'LC_MEASUREMENT': 'ko_KR.UTF-8', 'GPG_AGENT_INFO': '/run/user/1000/gnupg/S.gpg-agent:0:1', 'GJS_DEBUG_OUTPUT': 'stderr', 'LC_IDENTIFICATION': 'ko_KR.UTF-8', 'QT_IM_MODULE': 'ibus', 'PWD': '/home/rokey/cobot3_ws/build/sanding_control', 'XDG_CONFIG_DIRS': '/etc/xdg/xdg-ubuntu:/etc/xdg', 'XDG_DATA_DIRS': '/usr/share/ubuntu:/usr/share/gnome:/usr/local/share/:/usr/share/:/var/lib/snapd/desktop', 'PYTHONPATH': '/home/rokey/cobot3_ws/build/sanding_control/prefix_override:/usr/lib/python3/dist-packages/colcon_core/task/python/colcon_distutils_commands:/home/rokey/cobot3_ws/install/sanding_control/lib/python3.10/site-packages:/opt/ros/humble/lib/python3.10/site-packages:/opt/ros/humble/local/lib/python3.10/dist-packages', 'LC_NUMERIC': 'ko_KR.UTF-8', 'LC_PAPER': 'ko_KR.UTF-8', 'COLCON': '1', 'VTE_VERSION': '6800'}, 'shell': False}
[0.301632] (-) TimerEvent: {}
[0.372039] (sanding_control) StdoutLine: {'line': b'running egg_info\n'}
[0.372590] (sanding_control) StdoutLine: {'line': b'creating ../../build/sanding_control/sanding_control.egg-info\n'}
[0.372646] (sanding_control) StdoutLine: {'line': b'writing ../../build/sanding_control/sanding_control.egg-info/PKG-INFO\n'}
[0.372671] (sanding_control) StdoutLine: {'line': b'writing dependency_links to ../../build/sanding_control/sanding_control.egg-info/dependency_links.txt\n'}
[0.372692] (sanding_control) StdoutLine: {'line': b'writing entry points to ../../build/sanding_control/sanding_control.egg-info/entry_points.txt\n'}
[0.372711] (sanding_control) StdoutLine: {'line': b'writing requirements to ../../build/sanding_control/sanding_control.egg-info/requires.txt\n'}
[0.372730] (sanding_control) StdoutLine: {'line': b'writing top-level names to ../../build/sanding_control/sanding_control.egg-info/top_level.txt\n'}
[0.372748] (sanding_control) StdoutLine: {'line': b"writing manifest file '../../build/sanding_control/sanding_control.egg-info/SOURCES.txt'\n"}
[0.373292] (sanding_control) StdoutLine: {'line': b"reading manifest file '../../build/sanding_control/sanding_control.egg-info/SOURCES.txt'\n"}
[0.373633] (sanding_control) StdoutLine: {'line': b"writing manifest file '../../build/sanding_control/sanding_control.egg-info/SOURCES.txt'\n"}
[0.373686] (sanding_control) StdoutLine: {'line': b'running build\n'}
[0.373710] (sanding_control) StdoutLine: {'line': b'running build_py\n'}
[0.373730] (sanding_control) StdoutLine: {'line': b'creating /home/rokey/cobot3_ws/build/sanding_control/build\n'}
[0.373749] (sanding_control) StdoutLine: {'line': b'creating /home/rokey/cobot3_ws/build/sanding_control/build/lib\n'}
[0.373767] (sanding_control) StdoutLine: {'line': b'creating /home/rokey/cobot3_ws/build/sanding_control/build/lib/sanding_control\n'}
[0.373812] (sanding_control) StdoutLine: {'line': b'copying sanding_control/__init__.py -> /home/rokey/cobot3_ws/build/sanding_control/build/lib/sanding_control\n'}
[0.373831] (sanding_control) StdoutLine: {'line': b'running install\n'}
[0.373850] (sanding_control) StdoutLine: {'line': b'running install_lib\n'}
[0.373898] (sanding_control) StdoutLine: {'line': b'creating /home/rokey/cobot3_ws/install/sanding_control/lib/python3.10/site-packages/sanding_control\n'}
[0.373927] (sanding_control) StdoutLine: {'line': b'copying /home/rokey/cobot3_ws/build/sanding_control/build/lib/sanding_control/__init__.py -> /home/rokey/cobot3_ws/install/sanding_control/lib/python3.10/site-packages/sanding_control\n'}
[0.374117] (sanding_control) StdoutLine: {'line': b'byte-compiling /home/rokey/cobot3_ws/install/sanding_control/lib/python3.10/site-packages/sanding_control/__init__.py to __init__.cpython-310.pyc\n'}
[0.374200] (sanding_control) StdoutLine: {'line': b'running install_data\n'}
[0.374228] (sanding_control) StdoutLine: {'line': b'creating /home/rokey/cobot3_ws/install/sanding_control/share/ament_index\n'}
[0.374257] (sanding_control) StdoutLine: {'line': b'creating /home/rokey/cobot3_ws/install/sanding_control/share/ament_index/resource_index\n'}
[0.374284] (sanding_control) StdoutLine: {'line': b'creating /home/rokey/cobot3_ws/install/sanding_control/share/ament_index/resource_index/packages\n'}
[0.374305] (sanding_control) StdoutLine: {'line': b'copying resource/sanding_control -> /home/rokey/cobot3_ws/install/sanding_control/share/ament_index/resource_index/packages\n'}
[0.374331] (sanding_control) StdoutLine: {'line': b'copying package.xml -> /home/rokey/cobot3_ws/install/sanding_control/share/sanding_control\n'}
[0.374350] (sanding_control) StdoutLine: {'line': b'running install_egg_info\n'}
[0.375391] (sanding_control) StdoutLine: {'line': b'Copying ../../build/sanding_control/sanding_control.egg-info to /home/rokey/cobot3_ws/install/sanding_control/lib/python3.10/site-packages/sanding_control-0.0.0-py3.10.egg-info\n'}
[0.375634] (sanding_control) StdoutLine: {'line': b'running install_scripts\n'}
[0.384744] (sanding_control) StdoutLine: {'line': b'Installing simple_sanding_planner script to /home/rokey/cobot3_ws/install/sanding_control/lib/sanding_control\n'}
[0.384840] (sanding_control) StdoutLine: {'line': b"writing list of installed files to '/home/rokey/cobot3_ws/build/sanding_control/install.log'\n"}
[0.396806] (sanding_control) CommandEnded: {'returncode': 0}
[0.401748] (-) TimerEvent: {}
[0.405472] (sanding_control) JobEnded: {'identifier': 'sanding_control', 'rc': 0}
[0.405929] (-) EventReactorShutdown: {}
