running egg_info
writing ../../build/simple_sanding/simple_sanding.egg-info/PKG-INFO
writing dependency_links to ../../build/simple_sanding/simple_sanding.egg-info/dependency_links.txt
writing entry points to ../../build/simple_sanding/simple_sanding.egg-info/entry_points.txt
writing requirements to ../../build/simple_sanding/simple_sanding.egg-info/requires.txt
writing top-level names to ../../build/simple_sanding/simple_sanding.egg-info/top_level.txt
reading manifest file '../../build/simple_sanding/simple_sanding.egg-info/SOURCES.txt'
writing manifest file '../../build/simple_sanding/simple_sanding.egg-info/SOURCES.txt'
running build
running build_py
copying simple_sanding/sanding_config.py -> /home/rokey/cobot3_ws/build/simple_sanding/build/lib/simple_sanding
running install
running install_lib
copying /home/rokey/cobot3_ws/build/simple_sanding/build/lib/simple_sanding/sanding_config.py -> /home/rokey/cobot3_ws/install/simple_sanding/lib/python3.10/site-packages/simple_sanding
byte-compiling /home/rokey/cobot3_ws/install/simple_sanding/lib/python3.10/site-packages/simple_sanding/sanding_config.py to sanding_config.cpython-310.pyc
running install_data
running install_egg_info
removing '/home/rokey/cobot3_ws/install/simple_sanding/lib/python3.10/site-packages/simple_sanding-0.0.0-py3.10.egg-info' (and everything under it)
Copying ../../build/simple_sanding/simple_sanding.egg-info to /home/rokey/cobot3_ws/install/simple_sanding/lib/python3.10/site-packages/simple_sanding-0.0.0-py3.10.egg-info
running install_scripts
Installing run_sanding script to /home/rokey/cobot3_ws/install/simple_sanding/lib/simple_sanding
Installing test_path script to /home/rokey/cobot3_ws/install/simple_sanding/lib/simple_sanding
writing list of installed files to '/home/rokey/cobot3_ws/build/simple_sanding/install.log'
