[0.243s] Invoking command in '/home/rokey/cobot3_ws/build/cobot3': PYTHONPATH=/home/rokey/cobot3_ws/build/cobot3/prefix_override:/usr/lib/python3/dist-packages/colcon_core/task/python/colcon_distutils_commands:/home/rokey/cobot3_ws/install/cobot3/lib/python3.10/site-packages:${PYTHONPATH} /usr/bin/python3 -W ignore:setup.py install is deprecated -W ignore:easy_install command is deprecated setup.py develop --editable --build-directory /home/rokey/cobot3_ws/build/cobot3/build --no-deps symlink_data --force
[0.341s] running develop
[0.392s] running egg_info
[0.392s] writing cobot3.egg-info/PKG-INFO
[0.392s] writing dependency_links to cobot3.egg-info/dependency_links.txt
[0.392s] writing entry points to cobot3.egg-info/entry_points.txt
[0.392s] writing requirements to cobot3.egg-info/requires.txt
[0.392s] writing top-level names to cobot3.egg-info/top_level.txt
[0.392s] reading manifest file 'cobot3.egg-info/SOURCES.txt'
[0.392s] writing manifest file 'cobot3.egg-info/SOURCES.txt'
[0.395s] running build_ext
[0.395s] Creating /home/rokey/cobot3_ws/install/cobot3/lib/python3.10/site-packages/cobot3.egg-link (link to .)
[0.395s] Installing my_listener script to /home/rokey/cobot3_ws/install/cobot3/lib/cobot3
[0.395s] Installing my_talker script to /home/rokey/cobot3_ws/install/cobot3/lib/cobot3
[0.395s] 
[0.396s] Installed /home/rokey/cobot3_ws/build/cobot3
[0.396s] running symlink_data
[0.396s] symbolically linking /home/rokey/cobot3_ws/build/cobot3/resource/cobot3 -> /home/rokey/cobot3_ws/install/cobot3/share/ament_index/resource_index/packages
[0.396s] symbolically linking /home/rokey/cobot3_ws/build/cobot3/package.xml -> /home/rokey/cobot3_ws/install/cobot3/share/cobot3
[0.405s] Invoked command in '/home/rokey/cobot3_ws/build/cobot3' returned '0': PYTHONPATH=/home/rokey/cobot3_ws/build/cobot3/prefix_override:/usr/lib/python3/dist-packages/colcon_core/task/python/colcon_distutils_commands:/home/rokey/cobot3_ws/install/cobot3/lib/python3.10/site-packages:${PYTHONPATH} /usr/bin/python3 -W ignore:setup.py install is deprecated -W ignore:easy_install command is deprecated setup.py develop --editable --build-directory /home/rokey/cobot3_ws/build/cobot3/build --no-deps symlink_data --force
